
--- net by rvol (all OOS) ---
bin                  n       net     wr    score
None             33707   -0.260%  0.472  -0.0044
<1.5            122122   -0.212%  0.432  -0.0019
1.5-3            85215   -0.205%  0.437  -0.0019
3-5              63505   -0.191%  0.452  -0.0018
5-8              47865   -0.137%  0.463  -0.0018
>8              106148   +0.086%  0.494  -0.0020

--- net by vwap_dist (all OOS) ---
bin                  n       net     wr    score
<0              100544   -0.240%  0.441  -0.0020
0-2%            164439   -0.147%  0.445  -0.0021
2-5%            153949   -0.081%  0.468  -0.0020
5-10%            36541   +0.025%  0.496  -0.0018
>10%              3089   -0.606%  0.461  -0.0062

--- net by ret_15m (all OOS) ---
bin                  n       net     wr    score
None             14133   -0.196%  0.460  -0.0149
<0              187820   -0.116%  0.458  -0.0010
0-3%            235295   -0.110%  0.456  -0.0016
3-8%             19004   -0.434%  0.430  -0.0064
8-15%             1939   -1.189%  0.448  -0.0153
>15%               371   -1.447%  0.445  -0.0196

--- net by open_gap (all OOS) ---
bin                  n       net     wr    score
<2%             151577   -0.096%  0.456  -0.0022
2-5%             98719   -0.119%  0.457  -0.0023
5-15%           144752   -0.162%  0.451  -0.0019
15-30%           49138   -0.060%  0.477  -0.0009
>30%             14376   -0.623%  0.438  -0.0052

--- net by tod (all OOS) ---
bin                  n       net     wr    score
<2h             158546   -0.227%  0.452  -0.0041
2-4h            169082   -0.130%  0.449  -0.0011
4-5h             87207   -0.033%  0.474  -0.0009
>5h              43727   -0.016%  0.464  -0.0006

--- net by realized_vol_15m (all OOS) ---
bin                  n       net     wr    score
None             20825   -0.197%  0.450  -0.0076
<1%             420591   -0.104%  0.457  -0.0015
1-2%             14500   -0.444%  0.464  -0.0067
2-4%              2326   -2.344%  0.376  -0.0161
>4%                320   -6.112%  0.372  -0.0182

--- net by dv_accel (all OOS) ---
bin                  n       net     wr    score
None              3750   -0.232%  0.458  -0.0208
<1x             276743   -0.134%  0.455  -0.0014
1-2x            132898   -0.135%  0.457  -0.0019
2-4x             33896   -0.157%  0.457  -0.0038
>4x              11275   -0.029%  0.457  -0.0084

--- net by price (all OOS) ---
bin                  n       net     wr    score
<5               69880   -0.197%  0.461  -0.0025
5-10             81258   -0.105%  0.451  -0.0024
10-20           103129   -0.038%  0.466  -0.0019
>20             204295   -0.173%  0.452  -0.0019

--- M3 stream: rvol x vwap_dist (net @20bps) ---
None x v0-3%: n= 2688 net=+0.207% wr=0.529
None x v3-8%: n=  462 net=-0.030% wr=0.539
None x v>8%: n=   99 net=-2.118% wr=0.212
r2-4 x v0-3%: n= 2386 net=-0.431% wr=0.429
r2-4 x v3-8%: n=  677 net=-0.296% wr=0.495
r2-4 x v>8%: n=   91 net=-0.023% wr=0.451
r4-8 x v0-3%: n= 2673 net=-0.230% wr=0.467
r4-8 x v3-8%: n= 1208 net=-0.043% wr=0.433
r4-8 x v>8%: n=  100 net=-0.806% wr=0.420
r>8 x v0-3%: n=14724 net=+0.207% wr=0.519
r>8 x v3-8%: n= 7477 net=+0.840% wr=0.585
r>8 x v>8%: n=  989 net=+2.008% wr=0.581

--- SHAP: mean signed contribution (composite members vs all) ---
feature            |shap| all  shap all  shap comp
rvol                   0.0008   -0.0001    +0.0025
ret_15m                0.0008   -0.0001    -0.0000
tod_min                0.0006   -0.0002    -0.0001
excess_gain            0.0006   +0.0000    +0.0008
pct_gain_grid          0.0005   +0.0000    +0.0007
rank                   0.0005   +0.0000    +0.0008
open_gap               0.0005   -0.0001    +0.0004
ret_30m                0.0005   -0.0001    -0.0000
realized_vol_15m       0.0003   -0.0000    -0.0002
dow                    0.0003   -0.0000    +0.0001
log_dollar_volume      0.0002   -0.0000    +0.0000
log_close              0.0002   +0.0000    +0.0003
vwap_dist              0.0002   -0.0000    -0.0002
ret_10m                0.0002   -0.0000    -0.0001
dv_5m_rate             0.0002   -0.0000    +0.0000
composite stream: net by vwap_dist ---
3-5%: n= 4460 net=+0.728% wr=0.560
5-8%: n= 2662 net=+0.892% wr=0.573
8-12%: n=  661 net=+1.469% wr=0.551
>12%: n=  159 net=+4.194% wr=0.730
composite stream: net by tod_min ---
<2h: n= 3224 net=+0.701% wr=0.558
2-3.5h: n= 2953 net=+0.889% wr=0.548
3.5-4.5h: n= 1765 net=+1.346% wr=0.615


--- KMeans k=5 archetypes within composite stream ---
cl        n      net       wr  ret_15m open_gap vwap_dis     rvol realized  tod_min pct_gain dv_accel dist_hod
 0    788.0   1.827%  60.279%   5.051%   8.000%   8.651%    364.6   1.101%    119.0     34.2      1.8  -1.512%
 1   2204.0   1.235%  57.441%   0.370%  17.255%   5.245%    181.2   0.613%    159.1     37.3      0.9  -3.182%
 2      2.0   2.554% 100.000%  14.050%   4.603%   3.197%    203.4   2.248%     24.5     17.8    436.8  -1.373%
 3   1956.0   0.554%  53.323%   2.349%   6.133%   4.574%     45.3   0.596%     74.6     19.9      1.3  -0.786%
 4   2992.0   0.673%  57.353%   0.315%   3.419%   4.952%     20.4   0.352%    180.4     21.0      0.9  -1.348%

--- composite stream: cost survival by price bucket ---
price <5: n= 1324 gross=+1.867% net20=+1.667% net40=+1.467% net60=+1.267% net100=+0.867%
price 5-10: n= 2279 gross=+0.865% net20=+0.665% net40=+0.465% net60=+0.265% net100=-0.135%
price 10-20: n= 2046 gross=+1.999% net20=+1.799% net40=+1.599% net60=+1.399% net100=+0.999%
price >20: n= 2293 gross=+0.138% net20=-0.062% net40=-0.262% net60=-0.462% net100=-0.862%

--- composite stream: cost survival by cum_dv bucket (liquidity) ---
cumdv 5-20M: n= 1847 gross=+2.402% net20=+2.202% net40=+2.002% net60=+1.802% net100=+1.402%
cumdv 20-100M: n= 2827 gross=+0.973% net20=+0.773% net40=+0.573% net60=+0.373% net100=-0.027%
cumdv >100M: n= 3268 gross=+0.508% net20=+0.308% net40=+0.108% net60=-0.092% net100=-0.492%
