theta_fixed(90pct May-Jul)=0.00115  theta_hi(97pct)=0.00340

=== OOS Aug-Dec frozen @20bps ===
REF_wholeday_D10       n= 49210 net=+0.221% wr=0.508 net40=+0.021% t1=+0.263% t/day=464 eps=1245
                       monthly: 08:+0.10% 09:+0.49% 10:+0.23% 11:+0.20% 12:+0.06%
M1_fixed_theta         n= 44221 net=+0.226% wr=0.515 net40=+0.026% t1=+0.262% t/day=417 eps=1100
                       monthly: 08:+0.04% 09:+0.53% 10:+0.21% 11:+0.09% 12:+0.26%
M2_rolling_thr         n= 51137 net=+0.192% wr=0.508 net40=-0.008% t1=+0.224% t/day=482 eps=1142
                       monthly: 08:-0.01% 09:+0.50% 10:+0.21% 11:+0.03% 12:+0.22%
M3_visrank2_pure       n= 69850 net=+0.155% wr=0.495 net40=-0.045% t1=+0.189% t/day=659 eps=1999
                       monthly: 08:+0.11% 09:+0.40% 10:+0.13% 11:+0.13% 12:+0.02%
M3_visrank2+theta      n= 35186 net=+0.290% wr=0.522 net40=+0.090% t1=+0.328% t/day=332 eps=1001
                       monthly: 08:+0.25% 09:+0.56% 10:+0.18% 11:+0.16% 12:+0.27%
M4_first_crossing      n=  1100 net=+0.265% wr=0.495 net40=+0.065% t1=+0.337% t/day=10 eps=1100
                       monthly: 08:-0.29% 09:+0.54% 10:+0.50% 11:+0.30% 12:+0.27%
M5_persist_2of3        n= 42822 net=+0.249% wr=0.517 net40=+0.049% t1=+0.282% t/day=408 eps=891
                       monthly: 08:+0.07% 09:+0.56% 10:+0.23% 11:+0.10% 12:+0.28%

COMBINED (M3 ∧ first-crossing/episode): n=1001 net=+0.329% wr=0.504 t/day=9 eps=1001
                       monthly: 08:-0.38% 09:+0.68% 10:+0.48% 11:+0.62% 12:+0.29%

=== M4 entries by score tier (OOS, @20bps) ===
t90-97: n=844 net=+0.135% wr=0.475
>t97: n=256 net=+0.693% wr=0.559
M3 & rv>4 & vwap>3% & tod<270: n=8170 net20=+0.905% wr=0.570 net40=+0.705% t/day=83
                       monthly: 08:+0.66% 09:+1.36% 10:+0.52% 11:+1.08% 12:+0.93%
