Installed 7 packages in 3.09s
D10 pooled n = 49210

--- tod_min ---
open: n= 8305 net=+0.2535% wr=0.518
90-120: n=10121 net=+0.2853% wr=0.504
120-240: n=16725 net=+0.3195% wr=0.523
240-330: n=14059 net=+0.0362% wr=0.488

--- rvol ---
None: n= 4215 net=+0.0465% wr=0.505
rv<1: n= 2021 net=-0.2234% wr=0.458
1-1.5: n=  942 net=-0.1408% wr=0.470
1.5-3: n= 2178 net=-0.2717% wr=0.449
rv>3: n=39854 net=+0.2967% wr=0.515

--- dist_hod ---
deep<-2%: n=31230 net=+0.2179% wr=0.514
-2..-0.5%: n=11910 net=+0.2134% wr=0.496
at_hod: n= 6070 net=+0.2470% wr=0.501

--- vwap_dist ---
below_vwap: n=15471 net=-0.1077% wr=0.490
0-2%: n=12254 net=+0.1436% wr=0.491
above+2%: n=21485 net=+0.5005% wr=0.531

--- rank ---
rank>10: n=34376 net=+0.2362% wr=0.512
rank6-10: n=10632 net=+0.1659% wr=0.497
rank<=5: n= 4202 net=+0.2286% wr=0.501

--- log_dollar_volume ---
>$11M: n=49210 net=+0.2204% wr=0.508
