
=== stream M3 (OOS Aug-Dec, 0.2% RT, t1-entry fills) ===
variant       eps  units  u/ep  net/unit    wr    net/ep avg_cumdv$M
S0_indep      987  33574  34.0   +0.288% 0.521   +9.795%       468.0
            monthly/unit: 08:+0.27% 09:+0.55% 10:+0.18% 11:+0.12% 12:+0.27%
S1_first      987    987   1.0   +0.362% 0.513   +0.362%       175.6
            monthly/unit: 08:-0.21% 09:+0.69% 10:+0.50% 11:+0.67% 12:+0.17%
S2_scale      987   1465   1.5   +0.368% 0.518   +0.547%       190.4
            monthly/unit: 08:-0.25% 09:+0.83% 10:+0.53% 11:+0.63% 12:+0.07%
S3_reentry    987   1795   1.8   +0.186% 0.496   +0.338%       294.9
            monthly/unit: 08:-0.17% 09:+0.52% 10:+0.14% 11:+0.28% 12:+0.23%
S4_scale3     987   1759   1.8   +0.338% 0.524   +0.603%       204.7
            monthly/unit: 08:-0.24% 09:+0.78% 10:+0.60% 11:+0.35% 12:+0.07%

=== stream COMPOSITE (OOS Aug-Dec, 0.2% RT, t1-entry fills) ===
variant       eps  units  u/ep  net/unit    wr    net/ep avg_cumdv$M
S0_indep      405   7942  19.6   +0.914% 0.567  +17.931%       357.4
            monthly/unit: 08:+0.73% 09:+1.38% 10:+0.54% 11:+1.04% 12:+0.93%
S1_first      405    405   1.0   +0.558% 0.514   +0.558%       205.5
            monthly/unit: 08:+0.22% 09:+0.50% 10:+0.68% 11:+0.58% 12:+0.83%
S2_scale      405    579   1.4   +0.697% 0.539   +0.997%       200.5
            monthly/unit: 08:+0.26% 09:+0.57% 10:+0.97% 11:+0.71% 12:+0.85%
S3_reentry    405    634   1.6   +0.571% 0.532   +0.894%       264.9
            monthly/unit: 08:+0.52% 09:+0.53% 10:+0.33% 11:+0.65% 12:+0.99%
S4_scale3     405    680   1.7   +0.774% 0.546   +1.300%       212.4
            monthly/unit: 08:+0.46% 09:+0.51% 10:+1.25% 11:+0.73% 12:+0.67%
