
=== stream M3 (OOS Aug-Dec, 0.2% RT, t1-entry fills, reviewer-fixed pool) ===
variant       eps  units  u/ep  net/unit    wr    net/ep  null% avg_cumdv$M
S0_indep     1017  37516  36.9   +0.289% 0.522   +9.189%  13.9%       410.5
            monthly/unit: 08:+0.29% 09:+0.56% 10:+0.16% 11:+0.14% 12:+0.27%
S1_first     1017   1017   1.0   +0.428% 0.520   +0.370%  13.5%       170.7
            monthly/unit: 08:-0.08% 09:+0.64% 10:+0.58% 11:+0.82% 12:+0.16%
S2_scale     1017   1506   1.5   +0.379% 0.520   +0.486%  13.3%       185.4
            monthly/unit: 08:-0.21% 09:+0.75% 10:+0.51% 11:+0.73% 12:+0.06%
S3_reentry   1017   1852   1.8   +0.254% 0.503   +0.393%  15.0%       282.2
            monthly/unit: 08:-0.10% 09:+0.49% 10:+0.21% 11:+0.44% 12:+0.28%
S4_scale3    1017   1811   1.8   +0.348% 0.525   +0.536%  13.6%       199.0
            monthly/unit: 08:-0.24% 09:+0.72% 10:+0.50% 11:+0.57% 12:+0.11%

=== stream COMPOSITE (OOS Aug-Dec, 0.2% RT, t1-entry fills, reviewer-fixed pool) ===
variant       eps  units  u/ep  net/unit    wr    net/ep  null% avg_cumdv$M
S0_indep      431   8520  19.8   +0.903% 0.566  +16.014%  10.3%       326.3
            monthly/unit: 08:+0.71% 09:+1.39% 10:+0.50% 11:+1.04% 12:+0.92%
S1_first      431    431   1.0   +0.606% 0.516   +0.526%  13.2%       194.9
            monthly/unit: 08:+0.16% 09:+0.43% 10:+0.75% 11:+0.66% 12:+1.02%
S2_scale      431    611   1.4   +0.767% 0.544   +0.961%  11.6%       191.6
            monthly/unit: 08:+0.22% 09:+0.59% 10:+1.06% 11:+0.84% 12:+0.95%
S3_reentry    431    669   1.6   +0.612% 0.533   +0.830%  12.7%       249.1
            monthly/unit: 08:+0.48% 09:+0.53% 10:+0.44% 11:+0.64% 12:+1.09%
S4_scale3     431    714   1.7   +0.775% 0.549   +1.137%  11.5%       203.6
            monthly/unit: 08:+0.46% 09:+0.54% 10:+0.97% 11:+0.84% 12:+0.94%
